exports[`test It should render a full article 1`] = `
ShallowWrapper {
  "complexSelector": ComplexSelector {
    "buildPredicate": [Function],
    "childrenOfNode": [Function],
    "findWhereUnwrapped": [Function],
  },
  "length": 1,
  "node": <div
    className="App">
    <article
        className="SingleArticle">
        <div
            className="SingleArticle-Menu">
            <h1
                className="SingleArticle-Name" />
            <button
                className="SingleArticle-Update fa fa-pencil"
                onClick={undefined} />
            <button
                className="SingleArticle-Delete fa fa-trash"
                onClick={undefined} />
        </div>
        <div
            className="SingleArticle-Author">
            <span
                className="SingleArticle-Author-Detail">
                Por:
            </span>
            <span
                className="SingleArticle-Author-Name" />
        </div>
        <div
            className="SingleArticle-Content" />
        <div
            className="SingleArticle-Tags">
            <div
                className="SingleArticle-Tags-Detail">
                Este artículo está clasificado en:
            </div>
            <div
                className="SingleArticle-Tags-Tags" />
        </div>
    </article>
</div>,
  "nodes": Array [
    <div
      className="App">
      <article
            className="SingleArticle">
            <div
                  className="SingleArticle-Menu">
                  <h1
                        className="SingleArticle-Name" />
                  <button
                        className="SingleArticle-Update fa fa-pencil"
                        onClick={undefined} />
                  <button
                        className="SingleArticle-Delete fa fa-trash"
                        onClick={undefined} />
            </div>
            <div
                  className="SingleArticle-Author">
                  <span
                        className="SingleArticle-Author-Detail">
                        Por:
                  </span>
                  <span
                        className="SingleArticle-Author-Name" />
            </div>
            <div
                  className="SingleArticle-Content" />
            <div
                  className="SingleArticle-Tags">
                  <div
                        className="SingleArticle-Tags-Detail">
                        Este artículo está clasificado en:
                  </div>
                  <div
                        className="SingleArticle-Tags-Tags" />
            </div>
      </article>
</div>,
  ],
  "options": Object {},
  "renderer": ReactShallowRenderer {
    "_instance": ShallowComponentWrapper {
      "_calledComponentWillUnmount": false,
      "_compositeType": 2,
      "_context": Object {},
      "_currentElement": <SingleArticle />,
      "_debugID": 1,
      "_hostContainerInfo": null,
      "_hostParent": null,
      "_instance": StatelessComponent {
        "_reactInternalInstance": [Circular],
        "context": Object {},
        "props": Object {},
        "refs": Object {},
        "state": null,
        "updater": Object {
          "enqueueCallback": [Function],
          "enqueueCallbackInternal": [Function],
          "enqueueElementInternal": [Function],
          "enqueueForceUpdate": [Function],
          "enqueueReplaceState": [Function],
          "enqueueSetState": [Function],
          "isMounted": [Function],
          "validateCallback": [Function],
        },
      },
      "_mountOrder": 1,
      "_pendingCallbacks": null,
      "_pendingElement": null,
      "_pendingForceUpdate": false,
      "_pendingReplaceState": false,
      "_pendingStateQueue": null,
      "_renderedComponent": NoopInternalComponent {
        "_currentElement": <div
          className="App">
          <article
                    className="SingleArticle">
                    <div
                              className="SingleArticle-Menu">
                              <h1
                                        className="SingleArticle-Name" />
                              <button
                                        className="SingleArticle-Update fa fa-pencil"
                                        onClick={undefined} />
                              <button
                                        className="SingleArticle-Delete fa fa-trash"
                                        onClick={undefined} />
                    </div>
                    <div
                              className="SingleArticle-Author">
                              <span
                                        className="SingleArticle-Author-Detail">
                                        Por:
                              </span>
                              <span
                                        className="SingleArticle-Author-Name" />
                    </div>
                    <div
                              className="SingleArticle-Content" />
                    <div
                              className="SingleArticle-Tags">
                              <div
                                        className="SingleArticle-Tags-Detail">
                                        Este artículo está clasificado en:
                              </div>
                              <div
                                        className="SingleArticle-Tags-Tags" />
                    </div>
          </article>
</div>,
        "_debugID": 2,
        "_renderedOutput": <div
          className="App">
          <article
                    className="SingleArticle">
                    <div
                              className="SingleArticle-Menu">
                              <h1
                                        className="SingleArticle-Name" />
                              <button
                                        className="SingleArticle-Update fa fa-pencil"
                                        onClick={undefined} />
                              <button
                                        className="SingleArticle-Delete fa fa-trash"
                                        onClick={undefined} />
                    </div>
                    <div
                              className="SingleArticle-Author">
                              <span
                                        className="SingleArticle-Author-Detail">
                                        Por:
                              </span>
                              <span
                                        className="SingleArticle-Author-Name" />
                    </div>
                    <div
                              className="SingleArticle-Content" />
                    <div
                              className="SingleArticle-Tags">
                              <div
                                        className="SingleArticle-Tags-Detail">
                                        Este artículo está clasificado en:
                              </div>
                              <div
                                        className="SingleArticle-Tags-Tags" />
                    </div>
          </article>
</div>,
      },
      "_renderedNodeType": 0,
      "_rootNodeID": 0,
      "_topLevelWrapper": null,
      "_updateBatchNumber": null,
      "_warnedAboutRefsInRender": false,
    },
    "getRenderOutput": [Function],
    "render": [Function],
  },
  "root": [Circular],
  "unrendered": <SingleArticle />,
}
`;
